// Jest Snapshot v1, https://goo.gl/fbAQLP

exports[`Header matches a snapshot 1`] = `
<h1>
  GitHub Viewer
</h1>
`;
